80
2001  H-H2O 	M	Hydrogen-bound-in-water
8002  D-D2O 	M	Deuterium-bound-in-D2O
3     2-He-3 	S	Helium-3
4     2-He-4 	S	Helium-4
6     3-Li-6 	S	Lithium-6
7     3-Li-7 	S	Lithium-7
9     Be-nat 	S	Beryllium
10    5-B-10 	B	Boron-10(burnable)
1010  5-B-10 	S	Boron-10(unburnable)
11    5-B-11 	B	Boron-11(burnable)
12    6-C-nat 	M	Graphite
14    7-N-nat 	S	Nitrogen
16    8-O-nat 	S	Oxygen
19    9-F-nat 	S	Fluorine
23    Na-nat 	S	Sodium
27    Al-nat 	S	Aluminium
29    Si-nat 	S	Silicon
52    Cr-nat 	S	Chromium
55    Mn-nat 	S	Manganese
56    Fe-nat 	S	Iron
58    Ni-nat 	S	Nickel
59    Co-59 	S	Cobalt-59
63    Cu-nat 	S	Copper
91    Zr-nat 	S	Zirconium
93    Nb-93 	S	Niobium
112   Cd-nat 	S	Cadmium
164   Dy-164 	B/FP	Dysprosium-164
176   Lu-176 	B	Lu-176(burnable-absorber)
178   Hf-nat 	B	Hafnium(burnable-absorber)
251   PFP-1 	FP	PFP-1 
252   PFP-2 	FP	PFP-2
253   PFP-3 	FP	PFP-3
254   PFP-4 	FP	PFP-4
83    Kr-83 	FP	Krypton-83
95    Mo-95 	FP	Molybdenum-95
99    Tc-99 	FP	Technetium-99
101   Ru-101 	FP	Ruthenium-101
103   Ru-103 	FP	Ruthenium-103
105   Rh-105 	FP	Rhodium-105
108   Pa-108 	FP	Paladium-108
109   Ag-109 	FP	Silver-109
113   Cd-113 	FP	Cadmium-113(control-rod-material)
115   In-115 	FP	Indium-115
127   I-127 	FP	Iodine-127
131   Xe-131 	FP	Xenon-131
133   Cs-133 	FP	Cesium-133
134   Cs-134 	FP	Cesium-134
135   Xe-135 	FP	Xenon-135
143   Nd-143 	FP	Neodinium-143
145   Nd-147 	FP	Neodinium-145
147   Pm-147 	FP	Pm-147
148   Pm-148 	FP	Pm-148
1148  Pm-148? 	FP	Pm-148?
149   Sm-149 	FP	Samarium-149
150   Sm-150 	FP	Samarium-150
151   Sm-151 	FP	Samarium-151
152   Sm-152 	FP	Samarium-152
153   Eu-153 	FP	Europium-153
154   Eu-154 	FP	Europium-154
155   Eu-155 	FP	Europium-155
157   Gd-157 	B	Gadolinium-157(burnable-absorber)
902   psd1 	FP	pseudo1
500   psd2 	FP	pseudo2
207   dummy 	FP	dummy
232   Th-232 	A	Thorium-232
1232  Th-232x 	A	Thorium-232?
1233  Pa-233 	A	Pa-233
233   U-233 	A	Uranium-233
234   U-234 	A	Uranium-234
235   U-235 	A	Uranium-235
236   U-236 	A	Uranium-236
238   U-238 	A	Uranium-238
939   Np-239 	A	Neptunium-239
239   Pu-239 	A	Plutonium-239
240   Pu-240 	A	Plutonium-240
241   Pu-241 	A	Plutonium-241
242   Pu-242 	A	Plutonium-242
941   Am-241 	A	Americium-241
942   Am-242 	A	Americium-242
943   Am-243 	A	Americium-243
