129
3001  1-H-H2O 	M	Hydrogen-bound-in-water
3002  1-D-D2O 	M	Deuterium-bound-in-D2O
3     2-He-3 	S	Helium-3
4     2-He-4 	S	Helium-4
6     3-Li-6 	S	Lithium-6
7     3-Li-7 	S	Lithium-7
9     Be-nat 	S	Beryllium
10    5-B-10 	B	Boron-10(burnable)
1010  5-B-10 	S	Boron-10(unburnable)
1011  5-B-nat 	S	Natural-Boron(unburnable)
2012  6-C-nat 	S	Graphite
2212  6-C-0 	S	Graphite-damage
14    7-N-nat 	S	Nitrogen
6016  8-O-nat 	S	Oxygen
19    9-F-nat 	S	Fluorine
23    Na-nat 	S	Sodium
24    Mg-nat 	S	Magnesium
27    Al-nat 	S	Aluminium
29    Si-nat 	S	Silicon
48    Ti-nat 	S	Titanium
51    V-nat 	S	Vanadium
52    Cr-nat 	S	Chromium
1054  Fe54(n,p)	D	 Fe-54(n,p)Mn-54
55    Mn-nat 	S	Manganese
2056  Fe-nat 	S	Iron
9056  SS	S	Stainless_Steel
58    Ni-nat 	S	Nickel
1058  Ni58(n,p)	D	Ni-58(n,p)Co-58
3058  Fe58(n,g)	D	Fe-58(n,gamma)Fe-59
8058  INC750 	S	Inconel_750
9058  INC718 	S	Inconel_718
1059  Co-59 	S	Cobalt
3063  Cu-nat 	S	Copper
84    Kr84(n,g)	D	 Kr-84(n,gamma)Kr-85
91    Zr-nat 	S	Zirconium
1091  Zrdamage 	S	Zircalloy-damage
93    Nb-93 	S	Niobium
96    Mo-nat 	S	Molybdenum
2103  Rh-103(n,n')	D	Rh-103(n,n')Rh-103m
3109  Ag-nat 	S	Silver(control-rod-material)
2113  Cd-nat 	S	Cadmium(control-rod-material)
2115  In-nat 	S	Indium(control-rod-material)
121   Sb-121 	S	Antimony-121
123   Sb-123 	S	Antimony-123
2154  Gd-154 	B	Gadolinium-154(burnable-absorber)
2155  Gd-155 	B	Gadolinium-155(burnable-absorber)
2156  Gd-156 	B	Gadolinium-156(burnable-absorber)
2157  Gd-157 	B	Gadolinium-157(burnable-absorber)
2158  Gd-158 	B	Gadolinium-158(burnable-absorber)
164   Dy-164 	B/FP	Dysprosium-164
167   Er-167 	B	Erbium-167(burnable-absorber)
176   Lu176(n,g)	D	 Lu-176(n,g)Lu-177
2176  Hf-176 	B	Hafnium-176(burnable-absorber)
2177  Hf-177 	B	Hafnium-177(burnable-absorber)
2178  Hf-178 	B	Hafnium-178(burnable-absorber)
2179  Hf-179 	B	Hafnium-179(burnable-absorber)
2180  Hf-180 	B	Hafnium-180(burnable-absorber)
178   Hf-nat 	S	Natural-Hafnium(unburnable)
181   Ta-nat 	S	Tantalum
183   W-nat 	S	Tungsten
197   Au197(n,g)	D	 Au-197(n,g)Au-198
251   P.f.p.251	FP	Psuedo_Fission_Product_251 
252   P.f.p.252	FP	Psuedo_Fission_Product_252 
253   P.f.p.253	FP	Psuedo_Fission_Product_253 
254   P.f.p.254	FP	Psuedo_Fission_Product_254 
105   Rh-105 	FP	Rhodium-105
135   Xe-135 	FP	Xenon-135
500   Sm 	FP	Pseudof.p.
4083  Kr-83 	FP	Kripton-83
4095  Mo-95 	FP	Molybdenum-95
4099  Tc-99 	FP	Technetium-99
4101  Ru-101 	FP	Ruthenium-101
5103  Ru-103 	FP	Ruthenium-103
4103  Rh-103 	FP	Rhodium-103
4105  Rh-105 	FP	Rhodium-105
5105  Pd-105 	FP	Paladium-105
4108  Pd-108 	FP	Paladium-108
4109  Ag-109 	FP	Silver-109
4113  Cd-113 	FP	Cadmium-113
4115  In-115 	FP	Indium-115
4127  I-127 	FP	Iodine-127
4131  Xe-131 	FP	Xenon-131
4133  Cs-133 	FP	Cesium-133
4134  Cs-134 	FP	Cesium-134
6135  I-135 	FP	Iodine-135
4135  Xe-135 	FP	Xenon-135
5135  Cs-135 	FP	Cesium-135
4143  Nd-143 	FP	Neodinium-143
4145  Nd-145 	FP	Neodinium-145
4147  Pm-147 	FP	Promethium-147(+n-->Pm-148)
5147  Pm-147 	FP	Promethium-147(+n-->Pm-148m)
6147  Sm-147 	FP	Samarium-147
4148  Pm-148 	FP	Promethium-148m
5148  Pm-148 	FP	Promethium-148
5149  Pm-149 	FP	Promethium-149
4149  Sm-149 	FP	Samarium-149
4150  Sm-150 	FP	Samarium-150
4151  Sm-151 	FP	Samarium-151
4152  Sm-152 	FP	Samarium-152
4153  Eu-153 	FP	Europium-153
4154  Eu-154 	FP	Europium-154
4155  Eu-155 	FP	Europium-155
4157  Gd-157  	B/FP	Gadolinium-157
207   Pb      	S	Lead
4902  FP4902 	FP	Lumped-fission-product
2232  Th-232 	A	Thorium-232
9233  U-233 	A	Uranium-233
1233  Pa-233 	A	Protoactinium-233
234   U-234 	A	Uranium-234
2235  U-235 	A	Uranium-235
236   U-236 	A	Uranium-236
927   U-237 	A	Uranium-237
8238  U-238 	A	Uranium-238
937   Np-237 	A	Neptunium-237
1939  Np-239 	A	Neptunium-239
948   Pu-238 	A	Plutonium-238
6239  Pu-239 	A	Plutonium-239
1240  Pu-240 	A	Plutonium-240
1241  Pu-241 	A	Plutonium-241
1242  Pu-242 	A	Plutonium-242(low-self-shielding)
951   Am-241 	A	Americium-241
952   Am-242 	A	Americium-242m
953   Am-243 	A	Americium-243
1000  1/v-abs	D	1/v_absorber
1003  U-235 	FP	fission?
1999  res-1/v	D	Resonance-part-of-1/v-absorber
2000  -1/v-abs	D	-1/v-absorber
3000  Pure-abs	D	Pure-absorber
4000  Inv-leth	D	Inverse-lethargy-intervals
